> Task :compileJava UP-TO-DATE
> Task :processResources UP-TO-DATE
> Task :classes UP-TO-DATE
> Task :compileTestJava UP-TO-DATE
> Task :processTestResources UP-TO-DATE
> Task :testClasses UP-TO-DATE

> Task :test

DepartmentServiceTest > testDepartmentsFiltersSupportRequestsAndRequestsProducts() FAILED
    java.lang.IllegalStateException at DefaultCacheAwareContextLoaderDelegate.java:195
        Caused by: org.springframework.beans.factory.BeanCreationException at AbstractAutowireCapableBeanFactory.java:1817
            Caused by: org.springframework.beans.factory.UnsatisfiedDependencyException at ConstructorResolver.java:804
                Caused by: org.springframework.beans.factory.UnsatisfiedDependencyException at ConstructorResolver.java:804
                    Caused by: org.springframework.beans.factory.UnsatisfiedDependencyException at ConstructorResolver.java:804
                        Caused by: org.springframework.beans.factory.UnsatisfiedDependencyException at ConstructorResolver.java:804
                            Caused by: org.springframework.beans.factory.BeanCreationException at ConstructorResolver.java:657
                                Caused by: org.springframework.beans.BeanInstantiationException at SimpleInstantiationStrategy.java:183
                                    Caused by: graphql.schema.idl.errors.SchemaProblem at SchemaGenerator.java:110

1 test completed, 1 failed

> Task :test FAILED

FAILURE: Build failed with an exception.

* What went wrong:
Execution failed for task ':test'.
> There were failing tests. See the report at: file:///Users/pro/workspace/Nexxserve/medrw/NexxClinicBackend/build/reports/tests/test/index.html

* Try:
> Run with --scan to get full insights from a Build Scan (powered by Develocity).

BUILD FAILED in 5s
5 actionable tasks: 1 executed, 4 up-to-date
